placement summary: no placement issues

board top-layer utilization:
- occupied: 29.676% (1736.048mm^2 of 5850mm^2)
- empty spaces over 5% of board area:
  - 5.929% (346.827mm^2); bounds=(minX=-45mm, maxX=45mm, minY=28.646mm, maxY=32.5mm)
  - 5.183% (303.204mm^2); bounds=(minX=17.48mm, maxX=45mm, minY=-32.5mm, maxY=-21.482mm)

board-edge status:
- J1: 1.464mm inside left edge
- D1: 10.15mm inside left edge
- D2: 10mm inside left edge
- U1: 14.8mm inside left edge
- R1: 13.775mm inside left edge
- R2: 17.775mm inside left edge
- R3: 13.775mm inside left edge
- R4: 17.775mm inside left edge
- R5: 13.775mm inside left edge
- R6: 17.775mm inside left edge
- C1: 7.975mm inside left edge
- C2: 9.975mm inside left edge
- C3: 14.975mm inside left edge
- C4: 21.975mm inside left edge
- C5: 9.775mm inside left edge
- C6: 5.775mm inside left edge
- U3: 16.15mm inside left edge
- C7: 12.575mm inside left edge
- C8: 17.625mm inside top edge
- TP1: 5.3mm inside left edge
- TP2: 13.8mm inside top edge
- U2: 28.795mm inside left edge
- R10: 23.775mm inside left edge
- R11: 26.025mm inside bottom edge
- R12: 23.525mm inside bottom edge
- R13: 23.525mm inside bottom edge
- R14: 26.025mm inside bottom edge
- C10: 28.525mm inside bottom edge
- C11: 24.775mm inside left edge
- Q2: 28.225mm inside top edge
- R15: 24.775mm inside left edge
- U4: 28.815mm inside bottom edge
- C12: 29.175mm inside top edge
- C13: 30.325mm inside bottom edge
- C14: 26.525mm inside bottom edge
- L1: 29.75mm inside bottom edge
- C15: 24.9mm inside top edge
- C16: 27.025mm inside top edge
- R16: 27.525mm inside top edge
- R17: 25.025mm inside top edge
- C19: 26.525mm inside bottom edge
- U5: 30.3mm inside bottom edge
- R18: 26.025mm inside bottom edge
- R19: 26.025mm inside bottom edge
- R20: 23.525mm inside bottom edge
- R21: 23.525mm inside bottom edge
- R22: 27.775mm inside right edge
- C17: 27.775mm inside right edge
- C18: 28.775mm inside right edge
- Q3: 21.225mm inside top edge
- TP3: 22.8mm inside top edge
- TP4: 18.8mm inside top edge
- U6: 17.553mm inside right edge
- J2: 4mm inside right edge
- C20: 14.775mm inside right edge
- C21: 18.775mm inside right edge
- C22: 14.775mm inside right edge
- C23: 12.25mm inside right edge
- R30: 23.775mm inside right edge
- R31: 25.025mm inside top edge
- R32: 22.025mm inside top edge
- C24: 19.025mm inside top edge
- R33: 23.775mm inside right edge
- R34: 23.775mm inside right edge
- TP5: 10.3mm inside right edge
- TP6: 15.8mm inside top edge
- TP7: 11.8mm inside top edge
- TP8: 10.3mm inside right edge
- U7: 21.225mm inside bottom edge
- R40: 21.025mm inside bottom edge
- C30: 18.525mm inside bottom edge
- U8: 13.801mm inside right edge
- C31: 9.775mm inside right edge
- R41: 16.525mm inside bottom edge
- R42: 14.775mm inside right edge
- R43: 10.775mm inside right edge
- C32: 9.075mm inside right edge
- R44: 5.775mm inside right edge
- R45: 5.775mm inside right edge
- D6: 3.7mm inside right edge
- Q1: 5.5mm inside right edge
- R70: 10.772mm inside bottom edge
- R71: 10.772mm inside bottom edge
- R72: 10.772mm inside bottom edge
- R73: 10.772mm inside bottom edge
- R74: 4.772mm inside bottom edge
- R75: 4.772mm inside bottom edge
- R76: 4.772mm inside bottom edge
- R77: 4.772mm inside bottom edge
- R46: 18.025mm inside bottom edge
- R78: 21.775mm inside right edge
- R47: 18.775mm inside right edge
- R48: 10.775mm inside right edge
- C33: 15.525mm inside bottom edge
- TP9: 19.8mm inside bottom edge
- TP10: 3.3mm inside right edge
- U9: 13.258mm inside top edge
- C40: 15.025mm inside top edge
- C41: 11.625mm inside top edge
- R50: 12.025mm inside top edge
- C42: 9.025mm inside top edge
- R51: 18.025mm inside top edge
- R52: 20.525mm inside top edge
- R53: 17.025mm inside top edge
- R54: 14.525mm inside top edge
- C43: 14.525mm inside top edge
- U10: 8.25mm inside top edge
- R55: 13.025mm inside top edge
- R56: 5.025mm inside top edge
- C44: 6.525mm inside top edge
- J5: 1.412mm inside top edge
- TP11: 6.8mm inside top edge
- TP12: 3.8mm inside top edge
- J3: 6.25mm inside bottom edge
- R60: 13.025mm inside bottom edge
- R61: 13.025mm inside bottom edge
- C50: 15.525mm inside bottom edge
- J4: 6.25mm inside bottom edge
- R62: 13.025mm inside bottom edge
- R63: 13.025mm inside bottom edge
- C51: 15.525mm inside bottom edge
- C52: 15.525mm inside bottom edge
- R64: 10.025mm inside top edge
- D3: 7.1mm inside top edge
- R65: 10.025mm inside top edge
- D4: 7.1mm inside top edge
- R66: 10.025mm inside top edge
- D5: 7.097mm inside top edge

placement drc:
Errors: 0
Warnings: 0
